[    0.000000] Initializing cgroup subsys cpuset
[    0.000000] Initializing cgroup subsys cpu
[    0.000000] Initializing cgroup subsys cpuacct
[    0.000000] Linux version 4.4.0-103-generic (buildd@lcy01-amd64-001) (gcc version 5.4.0 20160609 (Ubuntu 5.4.0-6ubuntu1~16.04.5) ) #126-Ubuntu SMP Mon Dec 4 16:23:28 UTC 2017 (Ubuntu 4.4.0-103.126-generic 4.4.98)
[    0.000000] Command line: BOOT_IMAGE=/boot/vmlinuz-4.4.0-103-generic root=LABEL=cloudimg-rootfs ro console=tty1 console=ttyS0
[    0.000000] KERNEL supported cpus:
[    0.000000]   Intel GenuineIntel
[    0.000000]   AMD AuthenticAMD
[    0.000000]   Centaur CentaurHauls
[    0.000000] x86/fpu: xstate_offset[2]:  576, xstate_sizes[2]:  256
[    0.000000] x86/fpu: Supporting XSAVE feature 0x01: 'x87 floating point registers'
[    0.000000] x86/fpu: Supporting XSAVE feature 0x02: 'SSE registers'
[    0.000000] x86/fpu: Supporting XSAVE feature 0x04: 'AVX registers'
[    0.000000] x86/fpu: Enabled xstate features 0x7, context size is 832 bytes, using 'standard' format.
[    0.000000] x86/fpu: Using 'lazy' FPU context switches.
[    0.000000] e820: BIOS-provided physical RAM map:
[    0.000000] BIOS-e820: [mem 0x0000000000000000-0x000000000009fbff] usable
[    0.000000] BIOS-e820: [mem 0x000000000009fc00-0x000000000009ffff] reserved
[    0.000000] BIOS-e820: [mem 0x00000000000f0000-0x00000000000fffff] reserved
[    0.000000] BIOS-e820: [mem 0x0000000000100000-0x000000003ffeffff] usable
[    0.000000] BIOS-e820: [mem 0x000000003fff0000-0x000000003fffffff] ACPI data
[    0.000000] BIOS-e820: [mem 0x00000000fec00000-0x00000000fec00fff] reserved
[    0.000000] BIOS-e820: [mem 0x00000000fee00000-0x00000000fee00fff] reserved
[    0.000000] BIOS-e820: [mem 0x00000000fffc0000-0x00000000ffffffff] reserved
[    0.000000] NX (Execute Disable) protection: active
[    0.000000] SMBIOS 2.5 present.
[    0.000000] Hypervisor detected: KVM
[    0.000000] e820: last_pfn = 0x3fff0 max_arch_pfn = 0x400000000
[    0.000000] MTRR: Disabled
[    0.000000] x86/PAT: MTRRs disabled, skipping PAT initialization too.
[    0.000000] CPU MTRRs all blank - virtualized system.
[    0.000000] x86/PAT: Configuration [0-7]: WB  WT  UC- UC  WB  WT  UC- UC  
[    0.000000] found SMP MP-table at [mem 0x0009fff0-0x0009ffff] mapped at [ffff88000009fff0]
[    0.000000] Scanning 1 areas for low memory corruption
[    0.000000] RAMDISK: [mem 0x36ade000-0x37566fff]
[    0.000000] ACPI: Early table checksum verification disabled
[    0.000000] ACPI: RSDP 0x00000000000E0000 000024 (v02 VBOX  )
[    0.000000] ACPI: XSDT 0x000000003FFF0030 00003C (v01 VBOX   VBOXXSDT 00000001 ASL  00000061)
[    0.000000] ACPI: FACP 0x000000003FFF00F0 0000F4 (v04 VBOX   VBOXFACP 00000001 ASL  00000061)
[    0.000000] ACPI: DSDT 0x000000003FFF0470 0021FF (v02 VBOX   VBOXBIOS 00000002 INTL 20100528)
[    0.000000] ACPI: FACS 0x000000003FFF0200 000040
[    0.000000] ACPI: FACS 0x000000003FFF0200 000040
[    0.000000] ACPI: APIC 0x000000003FFF0240 00005C (v02 VBOX   VBOXAPIC 00000001 ASL  00000061)
[    0.000000] ACPI: SSDT 0x000000003FFF02A0 0001CC (v01 VBOX   VBOXCPUT 00000002 INTL 20100528)
[    0.000000] No NUMA configuration found
[    0.000000] Faking a node at [mem 0x0000000000000000-0x000000003ffeffff]
[    0.000000] NODE_DATA(0) allocated [mem 0x3ffeb000-0x3ffeffff]
[    0.000000] kvm-clock: Using msrs 4b564d01 and 4b564d00
[    0.000000] kvm-clock: cpu 0, msr 0:3ffe3001, primary cpu clock
[    0.000000] kvm-clock: using sched offset of 2908665467 cycles
[    0.000000] clocksource: kvm-clock: mask: 0xffffffffffffffff max_cycles: 0x1cd42e4dffb, max_idle_ns: 881590591483 ns
[    0.000000] Zone ranges:
[    0.000000]   DMA      [mem 0x0000000000001000-0x0000000000ffffff]
[    0.000000]   DMA32    [mem 0x0000000001000000-0x000000003ffeffff]
[    0.000000]   Normal   empty
[    0.000000]   Device   empty
[    0.000000] Movable zone start for each node
[    0.000000] Early memory node ranges
[    0.000000]   node   0: [mem 0x0000000000001000-0x000000000009efff]
[    0.000000]   node   0: [mem 0x0000000000100000-0x000000003ffeffff]
[    0.000000] Initmem setup node 0 [mem 0x0000000000001000-0x000000003ffeffff]
[    0.000000] ACPI: PM-Timer IO Port: 0x4008
[    0.000000] IOAPIC[0]: apic_id 2, version 32, address 0xfec00000, GSI 0-23
[    0.000000] ACPI: INT_SRC_OVR (bus 0 bus_irq 0 global_irq 2 dfl dfl)
[    0.000000] ACPI: INT_SRC_OVR (bus 0 bus_irq 9 global_irq 9 high level)
[    0.000000] Using ACPI (MADT) for SMP configuration information
[    0.000000] smpboot: Allowing 2 CPUs, 0 hotplug CPUs
[    0.000000] PM: Registered nosave memory: [mem 0x00000000-0x00000fff]
[    0.000000] PM: Registered nosave memory: [mem 0x0009f000-0x0009ffff]
[    0.000000] PM: Registered nosave memory: [mem 0x000a0000-0x000effff]
[    0.000000] PM: Registered nosave memory: [mem 0x000f0000-0x000fffff]
[    0.000000] e820: [mem 0x40000000-0xfebfffff] available for PCI devices
[    0.000000] Booting paravirtualized kernel on KVM
[    0.000000] clocksource: refined-jiffies: mask: 0xffffffff max_cycles: 0xffffffff, max_idle_ns: 7645519600211568 ns
[    0.000000] setup_percpu: NR_CPUS:512 nr_cpumask_bits:512 nr_cpu_ids:2 nr_node_ids:1
[    0.000000] PERCPU: Embedded 33 pages/cpu @ffff88003fc00000 s98200 r8192 d28776 u1048576
[    0.000000] PV qspinlock hash table entries: 256 (order: 0, 4096 bytes)
[    0.000000] Built 1 zonelists in Node order, mobility grouping on.  Total pages: 257913
[    0.000000] Policy zone: DMA32
[    0.000000] Kernel command line: BOOT_IMAGE=/boot/vmlinuz-4.4.0-103-generic root=LABEL=cloudimg-rootfs ro console=tty1 console=ttyS0
[    0.000000] PID hash table entries: 4096 (order: 3, 32768 bytes)
[    0.000000] Memory: 1001784K/1048120K available (8485K kernel code, 1295K rwdata, 3988K rodata, 1492K init, 1316K bss, 46336K reserved, 0K cma-reserved)
[    0.000000] SLUB: HWalign=64, Order=0-3, MinObjects=0, CPUs=2, Nodes=1
[    0.000000] Hierarchical RCU implementation.
[    0.000000] 	Build-time adjustment of leaf fanout to 64.
[    0.000000] 	RCU restricting CPUs from NR_CPUS=512 to nr_cpu_ids=2.
[    0.000000] RCU: Adjusting geometry for rcu_fanout_leaf=64, nr_cpu_ids=2
[    0.000000] NR_IRQS:33024 nr_irqs:440 16
[    0.000000] Console: colour VGA+ 80x25
[    0.000000] console [tty1] enabled
[    0.000000] console [ttyS0] enabled
[    0.000000] tsc: Detected 2304.000 MHz processor
[    5.848057] Calibrating delay loop (skipped) preset value.. 4608.00 BogoMIPS (lpj=9216000)
[    5.911444] pid_max: default: 32768 minimum: 301
[    5.912281] ACPI: Core revision 20150930
[    5.913767] ACPI: 2 ACPI AML tables successfully acquired and loaded
[    5.914963] Security Framework initialized
[    5.921302] Yama: becoming mindful.
[    5.969299] AppArmor: AppArmor initialized
[    6.030442] Dentry cache hash table entries: 131072 (order: 8, 1048576 bytes)
[    6.037331] Inode-cache hash table entries: 65536 (order: 7, 524288 bytes)
[    6.039679] Mount-cache hash table entries: 2048 (order: 2, 16384 bytes)
[    6.065849] Mountpoint-cache hash table entries: 2048 (order: 2, 16384 bytes)
[    6.081725] Initializing cgroup subsys io
[    6.111446] Initializing cgroup subsys memory
[    6.112257] Initializing cgroup subsys devices
[    6.119888] Initializing cgroup subsys freezer
[    6.134339] Initializing cgroup subsys net_cls
[    6.140618] Initializing cgroup subsys perf_event
[    6.141475] Initializing cgroup subsys net_prio
[    6.142302] Initializing cgroup subsys hugetlb
[    6.143110] Initializing cgroup subsys pids
[    6.174849] CPU: Physical Processor ID: 0
[    6.221545] CPU: Processor Core ID: 0
[    6.223815] mce: CPU supports 0 MCE banks
[    6.224577] Last level iTLB entries: 4KB 64, 2MB 8, 4MB 8
[    6.225512] Last level dTLB entries: 4KB 64, 2MB 0, 4MB 0, 1GB 4
[    6.228071] Freeing SMP alternatives memory: 32K
[    6.235421] ftrace: allocating 32158 entries in 126 pages
[    6.273868] smpboot: APIC(0) Converting physical 0 to logical package 0
[    6.275011] smpboot: Max logical packages: 1
[    6.276023] x2apic enabled
[    6.279342] Switched APIC routing to physical x2apic.
[    6.281151] ..TIMER: vector=0x30 apic1=0 pin1=2 apic2=-1 pin2=-1
[    6.387390] smpboot: CPU0: Intel(R) Core(TM) i5-7360U CPU @ 2.30GHz (family: 0x6, model: 0x8e, stepping: 0x9)
[    6.421472] Performance Events: unsupported p6 CPU model 142 no PMU driver, software events only.
[    6.423166] KVM setup paravirtual spinlock
[    6.435651] x86: Booting SMP configuration:
[    6.436433] .... node  #0, CPUs:      #1
[    6.449233] kvm-clock: cpu 1, msr 0:3ffe3041, secondary cpu clock
[    6.467128] mce: CPU supports 0 MCE banks
[    6.485366] x86: Booted up 1 node, 2 CPUs
[    6.508194] smpboot: Total of 2 processors activated (9216.00 BogoMIPS)
[    6.509673] devtmpfs: initialized
[    6.524760] evm: security.selinux
[    6.532017] evm: security.SMACK64
[    6.533739] evm: security.SMACK64EXEC
[    6.534445] evm: security.SMACK64TRANSMUTE
[    6.535220] evm: security.SMACK64MMAP
[    6.535925] evm: security.ima
[    6.536535] evm: security.capability
[    6.539795] clocksource: jiffies: mask: 0xffffffff max_cycles: 0xffffffff, max_idle_ns: 7645041785100000 ns
[    6.604485] futex hash table entries: 512 (order: 3, 32768 bytes)
[    6.651387] pinctrl core: initialized pinctrl subsystem
[    6.693991] RTC time:  9:12:14, date: 12/14/17
[    6.731250] NET: Registered protocol family 16
[    6.780302] cpuidle: using governor ladder
[    6.828163] cpuidle: using governor menu
[    6.850885] PCCT header not found.
[    6.862092] ACPI: bus type PCI registered
[    6.901832] acpiphp: ACPI Hot Plug PCI Controller Driver version: 0.5
[    6.959286] PCI: Using configuration type 1 for base access
[    7.009231] ACPI: Added _OSI(Module Device)
[    7.048030] ACPI: Added _OSI(Processor Device)
[    7.089035] ACPI: Added _OSI(3.0 _SCP Extensions)
[    7.127760] ACPI: Added _OSI(Processor Aggregator Device)
[    7.168981] ACPI: Executed 1 blocks of module-level executable AML code
[    7.223564] ACPI: Interpreter enabled
[    7.254644] ACPI: (supports S0 S5)
[    7.285981] ACPI: Using IOAPIC for interrupt routing
[    7.332101] PCI: Using host bridge windows from ACPI; if necessary, use "pci=nocrs" and report a bug
[    7.419428] ACPI: PCI Root Bridge [PCI0] (domain 0000 [bus 00-ff])
[    7.470000] acpi PNP0A03:00: _OSC: OS supports [ASPM ClockPM Segments MSI]
[    7.487764] acpi PNP0A03:00: _OSC: not requesting OS control; OS requires [ExtendedConfig ASPM ClockPM MSI]
[    7.548595] acpi PNP0A03:00: fail to add MMCONFIG information, can't access extended PCI configuration space under this bridge.
[    7.647583] PCI host bridge to bus 0000:00
[    7.648351] pci_bus 0000:00: root bus resource [io  0x0000-0x0cf7 window]
[    7.649473] pci_bus 0000:00: root bus resource [io  0x0d00-0xffff window]
[    7.707760] pci_bus 0000:00: root bus resource [mem 0x000a0000-0x000bffff window]
[    7.776593] pci_bus 0000:00: root bus resource [mem 0x40000000-0xffdfffff window]
[    7.791565] pci_bus 0000:00: root bus resource [bus 00-ff]
[    7.793815] pci 0000:00:01.1: legacy IDE quirk: reg 0x10: [io  0x01f0-0x01f7]
[    7.795000] pci 0000:00:01.1: legacy IDE quirk: reg 0x14: [io  0x03f6]
[    7.851436] pci 0000:00:01.1: legacy IDE quirk: reg 0x18: [io  0x0170-0x0177]
[    7.908412] pci 0000:00:01.1: legacy IDE quirk: reg 0x1c: [io  0x0376]
[    7.965554] pci 0000:00:07.0: quirk: [io  0x4000-0x403f] claimed by PIIX4 ACPI
[    8.030950] pci 0000:00:07.0: quirk: [io  0x4100-0x410f] claimed by PIIX4 SMB
[    8.092908] ACPI: PCI Interrupt Link [LNKA] (IRQs 5 9 10 *11)
[    8.147696] ACPI: PCI Interrupt Link [LNKB] (IRQs 5 9 10 *11)
[    8.192679] ACPI: PCI Interrupt Link [LNKC] (IRQs 5 9 *10 11)
[    8.223957] ACPI: PCI Interrupt Link [LNKD] (IRQs 5 *9 10 11)
[    8.225372] ACPI: Enabled 2 GPEs in block 00 to 07
[    8.226576] vgaarb: setting as boot device: PCI:0000:00:02.0
[    8.284358] vgaarb: device added: PCI:0000:00:02.0,decodes=io+mem,owns=io+mem,locks=none
[    8.351535] vgaarb: loaded
[    8.376378] vgaarb: bridge control possible 0000:00:02.0
[    8.428933] SCSI subsystem initialized
[    8.459664] ACPI: bus type USB registered
[    8.490724] usbcore: registered new interface driver usbfs
[    8.540463] usbcore: registered new interface driver hub
[    8.583327] usbcore: registered new device driver usb
[    8.624934] PCI: Using ACPI for IRQ routing
[    8.662363] NetLabel: Initializing
[    8.672492] NetLabel:  domain hash size = 128
[    8.673295] NetLabel:  protocols = UNLABELED CIPSOv4
[    8.723693] NetLabel:  unlabeled traffic allowed by default
[    8.770356] amd_nb: Cannot enumerate AMD northbridges
[    8.818225] clocksource: Switched to clocksource kvm-clock
[    8.886838] AppArmor: AppArmor Filesystem Enabled
[    8.992918] pnp: PnP ACPI init
[    9.055989] pnp: PnP ACPI: found 3 devices
[    9.162211] clocksource: acpi_pm: mask: 0xffffff max_cycles: 0xffffff, max_idle_ns: 2085701024 ns
[    9.365924] NET: Registered protocol family 2
[    9.464531] TCP established hash table entries: 8192 (order: 4, 65536 bytes)
[    9.619530] TCP bind hash table entries: 8192 (order: 5, 131072 bytes)
[    9.762024] TCP: Hash tables configured (established 8192 bind 8192)
[    9.910134] UDP hash table entries: 512 (order: 2, 16384 bytes)
[   10.046042] UDP-Lite hash table entries: 512 (order: 2, 16384 bytes)
[   10.184747] NET: Registered protocol family 1
[   10.185604] pci 0000:00:00.0: Limiting direct PCI/PCI transfers
[   10.186656] pci 0000:00:01.0: Activating ISA DMA hang workarounds
[   10.194581] Unpacking initramfs...
[   11.609412] Freeing initrd memory: 10788K
[   11.621510] platform rtc_cmos: registered platform RTC device (no PNP device found)
[   11.622996] Scanning for low memory corruption every 60 seconds
[   11.624458] audit: initializing netlink subsys (disabled)
[   11.625437] audit: type=2000 audit(1513242735.906:1): initialized
[   11.626706] Initialise system trusted keyring
[   11.627756] HugeTLB registered 2 MB page size, pre-allocated 0 pages
[   11.687869] zbud: loaded
[   11.716122] VFS: Disk quotas dquot_6.6.0
[   11.766932] VFS: Dquot-cache hash table entries: 512 (order 0, 4096 bytes)
[   11.844208] squashfs: version 4.0 (2009/01/31) Phillip Lougher
[   11.963168] fuse init (API version 7.23)
[   12.058791] Key type big_key registered
[   12.148401] Allocating IMA MOK and blacklist keyrings.
[   12.247609] Key type asymmetric registered
[   12.254100] Asymmetric key parser 'x509' registered
[   12.260648] Block layer SCSI generic (bsg) driver version 0.4 loaded (major 249)
[   12.268622] io scheduler noop registered
[   12.271592] io scheduler deadline registered (default)
[   12.275185] io scheduler cfq registered
[   12.297140] pci_hotplug: PCI Hot Plug PCI Core version: 0.5
[   12.312955] pciehp: PCI Express Hot Plug Controller Driver version: 0.4
[   12.314272] ACPI: AC Adapter [AC] (on-line)
[   12.320562] input: Power Button as /devices/LNXSYSTM:00/LNXPWRBN:00/input/input0
[   12.321942] ACPI: Power Button [PWRF]
[   12.343936] input: Sleep Button as /devices/LNXSYSTM:00/LNXSLPBN:00/input/input1
[   12.360087] ACPI: Sleep Button [SLPF]
[   12.361038] GHES: HEST is not enabled!
[   12.388137] Serial: 8250/16550 driver, 32 ports, IRQ sharing enabled
[   12.435963] 00:02: ttyS0 at I/O 0x3f8 (irq = 4, base_baud = 115200) is a 16550A
[   12.475825] Linux agpgart interface v0.103
[   12.487049] loop: module loaded
[   12.491188] scsi host0: ata_piix
[   12.497176] scsi host1: ata_piix
[   12.505404] ata1: PATA max UDMA/33 cmd 0x1f0 ctl 0x3f6 bmdma 0xd000 irq 14
[   12.513602] ata2: PATA max UDMA/33 cmd 0x170 ctl 0x376 bmdma 0xd008 irq 15
[   12.521474] libphy: Fixed MDIO Bus: probed
[   12.525963] tun: Universal TUN/TAP device driver, 1.6
[   12.534498] tun: (C) 1999-2004 Max Krasnyansky <maxk@qualcomm.com>
[   12.539448] PPP generic driver version 2.4.2
[   12.552562] ehci_hcd: USB 2.0 'Enhanced' Host Controller (EHCI) Driver
[   12.559350] ehci-pci: EHCI PCI platform driver
[   12.560195] ehci-platform: EHCI generic platform driver
[   12.561138] ohci_hcd: USB 1.1 'Open' Host Controller (OHCI) Driver
[   12.578270] ohci-pci: OHCI PCI platform driver
[   12.582586] ohci-platform: OHCI generic platform driver
[   12.593043] uhci_hcd: USB Universal Host Controller Interface driver
[   12.606169] i8042: PNP: PS/2 Controller [PNP0303:PS2K,PNP0f03:PS2M] at 0x60,0x64 irq 1,12
[   12.614885] serio: i8042 KBD port at 0x60,0x64 irq 1
[   12.630109] tsc: Refined TSC clocksource calibration: 2304.203 MHz
[   12.655566] clocksource: tsc: mask: 0xffffffffffffffff max_cycles: 0x2136b7cc63e, max_idle_ns: 440795319785 ns
[   12.655621] serio: i8042 AUX port at 0x60,0x64 irq 12
[   12.655747] mousedev: PS/2 mouse device common for all mice
[   12.655998] rtc_cmos rtc_cmos: rtc core: registered rtc_cmos as rtc0
[   12.656044] rtc_cmos rtc_cmos: alarms up to one day, 114 bytes nvram
[   12.656050] i2c /dev entries driver
[   12.656106] device-mapper: uevent: version 1.0.3
[   12.656147] device-mapper: ioctl: 4.34.0-ioctl (2015-10-28) initialised: dm-devel@redhat.com
[   12.656160] ledtrig-cpu: registered to indicate activity on CPUs
[   12.688981] NET: Registered protocol family 10
[   12.689088] NET: Registered protocol family 17
[   12.689098] Key type dns_resolver registered
[   12.689650] microcode: CPU0 sig=0x806e9, pf=0x8, revision=0x0
[   12.689656] microcode: CPU1 sig=0x806e9, pf=0x8, revision=0x0
[   12.689701] microcode: Microcode Update Driver: v2.01 <tigran@aivazian.fsnet.co.uk>, Peter Oruba
[   12.689788] registered taskstats version 1
[   12.689802] Loading compiled-in X.509 certificates
[   12.690294] Loaded X.509 cert 'Build time autogenerated kernel key: 6495e09daeacef0cade9c1ea2246b74b6c79cd53'
[   12.690306] zswap: loaded using pool lzo/zbud
[   12.691541] Key type trusted registered
[   12.693094] Key type encrypted registered
[   12.693098] AppArmor: AppArmor sha1 policy hashing enabled
[   12.693101] ima: No TPM chip found, activating TPM-bypass!
[   12.693113] evm: HMAC attrs: 0x1
[   12.693342]   Magic number: 13:210:222
[   12.712283] rtc_cmos rtc_cmos: setting system clock to 2017-12-14 09:12:20 UTC (1513242740)
[   12.712372] BIOS EDD facility v0.16 2004-Jun-25, 0 devices found
[   12.712372] EDD information not available.
[   12.824076] input: AT Translated Set 2 keyboard as /devices/platform/i8042/serio0/input/input2
[   13.321019] Freeing unused kernel memory: 1492K
[   13.332830] Write protecting the kernel read-only data: 14336k
[   13.348839] Freeing unused kernel memory: 1744K
[   13.392739] Freeing unused kernel memory: 108K
Loading, please [   13.528015] random: systemd-udevd: uninitialized urandom read (16 bytes read, 3 bits of entropy available)
wait...
starting version 229
[   13.528488] random: udevadm: uninitialized urandom read (16 bytes read, 3 bits of entropy available)
[   13.528503] random: udevadm: uninitialized urandom read (16 bytes read, 3 bits of entropy available)
[   13.533141] random: udevadm: uninitialized urandom read (16 bytes read, 3 bits of entropy available)
[   13.533166] random: udevadm: uninitialized urandom read (16 bytes read, 3 bits of entropy available)
[   13.533241] random: udevadm: uninitialized urandom read (16 bytes read, 3 bits of entropy available)
[   13.533271] random: udevadm: uninitialized urandom read (16 bytes read, 3 bits of entropy available)
[   13.533300] random: udevadm: uninitialized urandom read (16 bytes read, 3 bits of entropy available)
[   13.533327] random: udevadm: uninitialized urandom read (16 bytes read, 3 bits of entropy available)
[   13.533354] random: udevadm: uninitialized urandom read (16 bytes read, 3 bits of entropy available)
[   15.031355] e1000: Intel(R) PRO/1000 Network Driver - version 7.3.21-k8-NAPI
[   15.048806] e1000: Copyright (c) 1999-2006 Intel Corporation.
[   15.053545] Fusion MPT base driver 3.04.20
[   15.060941] Copyright (c) 1999-2008 LSI Corporation
[   15.065050] Fusion MPT SPI Host driver 3.04.20
[   15.067490] mptbase: ioc0: Initiating bringup
[   15.071183] AVX version of gcm_enc/dec engaged.
[   15.122544] AES CTR mode by8 optimization enabled
[   15.130723] ioc0: LSI53C1030 A0: Capabilities={Initiator}
[   15.269697] input: ImExPS/2 Generic Explorer Mouse as /devices/platform/i8042/serio1/input/input4
[   15.479544] scsi host2: ioc0: LSI53C1030 A0, FwRev=00000000h, Ports=1, MaxQ=256, IRQ=20
[   15.673225] scsi 2:0:0:0: Direct-Access     VBOX     HARDDISK         1.0  PQ: 0 ANSI: 5
[   15.979062] scsi target2:0:0: Beginning Domain Validation
[   16.135047] scsi target2:0:0: Domain Validation skipping write tests
[   16.167810] scsi target2:0:0: Ending Domain Validation
[   16.168636] scsi target2:0:0: asynchronous
[   16.171450] scsi 2:0:1:0: Direct-Access     VBOX     HARDDISK         1.0  PQ: 0 ANSI: 5
[   16.172755] scsi target2:0:1: Beginning Domain Validation
[   16.174358] scsi target2:0:1: Domain Validation skipping write tests
[   16.175494] scsi target2:0:1: Ending Domain Validation
[   16.176477] scsi target2:0:1: asynchronous
[   16.191002] sd 2:0:0:0: Attached scsi generic sg0 type 0
[   16.195014] sd 2:0:0:0: [sda] 20971520 512-byte logical blocks: (10.7 GB/10.0 GiB)
[   16.218793] sd 2:0:1:0: [sdb] 20480 512-byte logical blocks: (10.5 MB/10.0 MiB)
[   16.228263] sd 2:0:1:0: Attached scsi generic sg1 type 0
[   16.263438] sd 2:0:1:0: [sdb] Write Protect is off
[   16.264415] sd 2:0:1:0: [sdb] Incomplete mode parameter data
[   16.265439] sd 2:0:1:0: [sdb] Assuming drive cache: write through
[   16.266692] sd 2:0:0:0: [sda] Write Protect is off
[   16.267805] sd 2:0:0:0: [sda] Incomplete mode parameter data
[   16.268854] sd 2:0:0:0: [sda] Assuming drive cache: write through
[   16.270785] sd 2:0:1:0: [sdb] Attached SCSI disk
[   16.299259]  sda: sda1
[   16.314132] sd 2:0:0:0: [sda] Attached SCSI disk
[   16.445623] e1000 0000:00:03.0 eth0: (PCI:33MHz:32-bit) 02:63:8e:2c:ef:cd
[   16.538215] e1000 0000:00:03.0 eth0: Intel(R) PRO/1000 Network Connection
[   16.882436] e1000 0000:00:08.0 eth1: (PCI:33MHz:32-bit) 08:00:27:10:d6:38
[   17.078875] e1000 0000:00:08.0 eth1: Intel(R) PRO/1000 Network Connection
[   17.429448] e1000 0000:00:03.0 enp0s3: renamed from eth0
[   17.558534] e1000 0000:00:08.0 enp0s8: renamed from eth1
[   18.054519] floppy0: no floppy controllers found
Begin: Loading e[   19.425206] md: linear personality registered for level -1
ssential drivers[   19.509237] md: multipath personality registered for level -4
 ... [   19.588756] md: raid0 personality registered for level 0
[   19.650219] md: raid1 personality registered for level 1
[   19.778269] raid6: sse2x1   gen()  9429 MB/s
[   19.874323] raid6: sse2x1   xor()  6350 MB/s
[   19.990274] raid6: sse2x2   gen() 12515 MB/s
[   20.102768] raid6: sse2x2   xor()  8690 MB/s
[   20.210534] raid6: sse2x4   gen() 14482 MB/s
[   20.326774] raid6: sse2x4   xor()  9613 MB/s
[   20.368039] raid6: using algorithm sse2x4 gen() 14482 MB/s
[   20.426534] raid6: .... xor() 9613 MB/s, rmw enabled
[   20.478495] raid6: using ssse3x2 recovery algorithm
[   20.544260] xor: automatically using best checksumming function:
[   20.790872]    avx       : 55542.000 MB/sec
[   20.854437] async_tx: api initialized (async)
[   20.875271] md: raid6 personality registered for level 6
[   20.891926] md: raid5 personality registered for level 5
[   20.924240] md: raid4 personality registered for level 4
[   20.929238] md: raid10 personality registered for level 10
done.
Begin: Running /scripts/init-p[   20.970625] Btrfs loaded
remount ... done.
Begin: Mounti[   21.010179] EXT4-fs (sda1): mounted filesystem with ordered data mode. Opts: (null)
ng root file system ... Begin: Running /scripts/local-top ... done.
Begin: Running /scripts/local-premount ... Scanning for Btrfs filesystems
done.
Warning: fsck not present, so skipping root file system
done.
Begin: Running /scripts/local-bottom ... done.
Begin: Running /scripts/init-bottom ... done.
[   21.392245] systemd[1]: systemd 229 running in system mode. (+PAM +AUDIT +SELINUX +IMA +APPARMOR +SMACK +SYSVINIT +UTMP +LIBCRYPTSETUP +GCRYPT +GNUTLS +ACL +XZ -LZ4 +SECCOMP +BLKID +ELFUTILS +KMOD -IDN)
[   21.568575] systemd[1]: Detected virtualization oracle.
[   21.620499] systemd[1]: Detected architecture x86-64.

Welcome to [1mUbuntu 16.04.3 LTS[0m!

[   21.731030] systemd[1]: Set hostname to <ubuntu>.
[   21.825435] systemd[1]: Initializing machine ID from random generator.
[   21.898902] systemd[1]: Installed transient /etc/machine-id file.
[   22.026507] systemd[1]: Listening on udev Control Socket.
[[0;32m  OK  [0m] Listening on udev Control Socket.
[   22.143073] systemd[1]: Started Trigger resolvconf update for networkd DNS.
[[0;32m  OK  [0m] Started Trigger resolvconf update for networkd DNS.
[   22.350775] systemd[1]: Listening on Journal Audit Socket.
[[0;32m  OK  [0m] Listening on Journal Audit Socket.
[   22.518479] systemd[1]: Started Forward Password Requests to Wall Directory Watch.
[[0;32m  OK  [0m] Started Forward Password Requests to Wall Directory Watch.
[   22.690002] systemd[1]: Listening on udev Kernel Socket.
[[0;32m  OK  [0m] Listening on udev Kernel Socket.
[   22.794748] systemd[1]: Reached target Swap.
[[0;32m  OK  [0m] Reached target Swap.
[   22.825891] systemd[1]: Listening on Syslog Socket.
[[0;32m  OK  [0m] Listening on Syslog Socket.
[   22.864432] systemd[1]: Listening on Device-mapper event daemon FIFOs.
[[0;32m  OK  [0m] Listening on Device-mapper event daemon FIFOs.
[   22.998511] systemd[1]: Reached target User and Group Name Lookups.
[[0;32m  OK  [0m] Reached target User and Group Name Lookups.
[   23.014634] systemd[1]: Created slice System Slice.
[[0;32m  OK  [0m] Created slice System Slice.
[   23.067918] systemd[1]: Created slice system-serial\x2dgetty.slice.
[[0;32m  OK  [0m] Created slice system-serial\x2dgetty.slice.
[   23.210512] systemd[1]: Listening on Journal Socket (/dev/log).
[[0;32m  OK  [0m] Listening on Journal Socket (/dev/log).
[   23.331223] systemd[1]: Listening on Journal Socket.
[[0;32m  OK  [0m] Listening on Journal Socket.
[   23.518736] systemd[1]: Starting Create list of required static device nodes for the current kernel...
[   23.619520] random: nonblocking pool is initialized
         Starting Create list of required st... nodes for the current kernel...
[   23.951261] systemd[1]: Starting Uncomplicated firewall...
         Starting Uncomplicated firewall...
[   24.082542] systemd[1]: Mounting POSIX Message Queue File System...
         Mounting POSIX Message Queue File System...
[   24.222474] systemd[1]: Starting Remount Root and Kernel File Systems...
         [   24.300747] EXT4-fs (sda1): re-mounted. Opts: (null)
Starting Remount Root and Kernel File Systems...
[   24.442575] systemd[1]: Mounting Debug File System...
         Mounting Debug File System...
[   24.558697] systemd[1]: Starting Nameserver information manager...
         Starting Nameserver information manager...
[   24.695216] systemd[1]: Mounting Huge Pages File System...
         Mounting Huge Pages File System...
[   24.822860] systemd[1]: Starting Set console keymap...
         Starting Set console keymap...
[   24.918954] systemd[1]: Listening on /dev/initctl Compatibility Named Pipe.
[[0;32m  OK  [0m] Listening on /dev/initctl Compatibility Named Pipe.
[   25.137076] systemd[1]: Listening on LVM2 poll daemon socket.
[[0;32m  OK  [0m] Listening on LVM2 poll daemon socket.
[   25.223261] systemd[1]: Listening on LVM2 metadata daemon socket.
[[0;32m  OK  [0m] Listening on LVM2 metadata daemon socket.
[   25.318430] systemd[1]: Starting Monitoring of LVM2 mirrors, snapshots etc. using dmeventd or progress polling...
         Starting Monitoring of LVM2 mirrors... dmeventd or progress polling...
[   25.390831] systemd[1]: Created slice User and Session Slice.
[[0;32m  OK  [0m] Created slice User and Session Slice.
[   25.522553] systemd[1]: Starting Journal Service...
         Starting Journal Service...
[   25.578387] systemd[1]: Reached target Encrypted Volumes.
[[0;32m  OK  [0m] Reached target Encrypted Volumes.
[   25.580472] systemd[1]: Reached target Slices.
[[0;32m  OK  [0m] Reached target Slices.
[   25.646620] systemd[1]: Starting Load Kernel Modules...
         [   25.706538] Loading iSCSI transport class v2.0-870.
Starting Load Kernel Modules...
[   25.910463] systemd[1]: Set up automount Arbitrary Executable File Formats File System Automount Point.
[[0;32m  OK  [0m] Set up automount Arbitrary Executab...ats File System Automount Point.
[   26.051805] iscsi: registered transport (tcp)
[   26.054043] systemd[1]: Mounted POSIX Message Queue File System.
[[0;32m  OK  [0m] Mounted POSIX Message Queue File System.
[   26.195931] systemd[1]: Mounted Debug File System.
[[0;32m  OK  [0m] Mounted Debug File System.
[   26.198046] systemd[1]: Mounted Huge Pages File System.
[[0;32m  OK  [0[   26.200854] iscsi: registered transport (iser)
m] Mounted Huge Pages File System.
[   26.286665] systemd[1]: Started Journal Service.
[[0;32m  OK  [0m] Started Journal Service.
[[0;32m  OK  [0m] Started Create list of required sta...ce nodes for the current kernel.
[[0;32m  OK  [0m] Started Uncomplicated firewall.
[[0;32m  OK  [0m] Started Remount Root and Kernel File Systems.
[[0;32m  OK  [0m] Started Set console keymap.
[[0;32m  OK  [0m] Started Load Kernel Modules.
[[0;32m  OK  [0m] Started Nameserver information manager.
[[0;32m  OK  [0m] Started LVM2 metadata daemon.
         Starting Apply Kernel Variables...
         Mounting FUSE Control File System...
         Starting Load/Save Random Seed...
         Starting udev Coldplug all Devices...
         Starting Initial cloud-init job (pre-networking)...
         Starting Create Static Device Nodes in /dev...
         Starting Flush Journal to Persistent Storage...
[[0;32m  OK  [0m] Mounted FUSE Control File System.
[[0;32m  OK  [0m] Started Apply Kernel Variables.
[[0;32m  OK  [0m] Started Load/Save Random Seed.
[[0;32m  OK  [0m] Started Create Static Device Nodes in /dev.
[[0;32m  OK  [0m] Started udev Coldplug all Devices.
[[0;32m  OK  [0m] Started Flush Journal to Persistent Storage.
         Starting udev Kernel Device Manager...
[[0;32m  OK  [0m] Started udev Kernel Device Manager.
[[0;32m  OK  [0m] Started Dispatch Password Requests to Console Directory Watch.
[[0;32m  OK  [0m] Started Monitoring of LVM2 mirrors,...ng dmeventd or progress polling.
[[0;32m  OK  [0m] Reached target Local File Systems (Pre).
[[0;32m  OK  [0m] Reached target Local File Systems.
         Starting Tell Plymouth To Write Out Runtime Data...
         Starting Commit a transient machine-id on disk...
         Starting Create Volatile Files and Directories...
         Starting Set console font and keymap...
         Starting LSB: AppArmor initialization...
[[0;32m  OK  [0m] Started Tell Plymouth To Write Out Runtime Data.
[[0;32m  OK  [0m] Started Commit a transient machine-id on disk.
[   19.313329] [cloud-init[0;32m  OK  [0m[449]: ] Cloud-init v. 17.1 running 'init-local' at Thu, 14 Dec 2017 09:12:35 +0000. Up 19.01 seconds.Started Create Volatile Files and Directories.

[[0;32m  OK  [0m] Found device /dev/ttyS0.
[[0;32m  OK  [0m] Listening on Load/Save RF Kill Switch Status /dev/rfkill Watch.
         Starting Update UTMP about System Boot/Shutdown...
[[0;32m  OK  [0m] Reached target System Time Synchronized.
[[0;32m  OK  [0m] Started Set console font and keymap.
[[0;32m  OK  [0m] Started LSB: AppArmor initialization.
[[0;32m  OK  [0m] Started Initial cloud-init job (pre-networking).
[[0;32m  OK  [0m] Started Update UTMP about System Boot/Shutdown.
[[0;32m  OK  [0m] Reached target Network (Pre).
         Starting Raise network interfaces...
[[0;32m  OK  [0m] Created slice system-getty.slice.
[[0;32m  OK  [0m] Started Raise network interfaces.
         Starting Initial cloud-init job (metadata service crawler)...
[[0;32m  OK  [0m] Reached target Network.
[   22.755007] cloud-init[944]: Cloud-init v. 17.1 running 'init' at Thu, 14 Dec 2017 09:12:38 +0000. Up 22.44 seconds.
[   22.838510] [cloud-init[0;32m  OK  [0m[944]: ] ci-info: ++++++++++++++++++++++++++++++++++++++Net device info++++++++++++++++++++++++++++++++++++++Started Initial cloud-init job (metadata service crawler).

[   22.838985] cloud-init[944]: ci-info: +--------+-------+----------------------------+---------------+-------+-------------------+
[   23.168541] [cloud-init[0;32m  OK  [0m[944]: ] ci-info: | Device |   Up  |          Address           |      Mask     | Scope |     Hw-Address    |Reached target System Initialization.

[[0;32m  OK  [0m] Started Timer to automatically refresh installed snaps.
[   23.169057] cloud-init[944]: ci-info: +--------+-------+----------------------------+---------------+-------+-------------------+
         Starting Socket activation for snappy daemon.
[   23.333306] cloud-init[944]: ci-info: | enp0s3 |  True |         10.0.2.15          | 255.255.255.0 |   .   | 02:63:8e:2c:ef:cd |
[   23.450211]          cloud-initStarting LXD - unix socket.[944]: 
ci-info: | enp0s3 |  True | fe80::63:8eff:fe2c:efcd/64 |       .       |  link | 02:63:8e:2c:ef:cd |
[   23.620928] [cloud-init[0;32m  OK  [0m[944]: ] ci-info: | enp0s8 | False |             .              |       .       |   .   | 08:00:27:10:d6:38 |Listening on UUID daemon activation socket.

[   23.832601] [cloud-init[0;32m  OK  [0m[944]: ] ci-info: |   lo   |  True |         127.0.0.1          |   255.0.0.0   |   .   |         .         |Listening on D-Bus System Message Bus Socket.

[   24.060512] [cloud-init[0;32m  OK  [0m[944]: ] ci-info: |   lo   |  True |          ::1/128           |       .       |  host |         .         |Started ACPI Events Check.

[[0;32m  OK  [0m] Reached target Paths.
[[0;32m  OK  [0m] Listening on ACPID Listen Socket.
[   24.060994] cloud-init[944]: ci-info: +--------+-------+----------------------------+---------------+-------+-------------------+
[   24.428364] [cloud-init[0;32m  OK  [0m[944]: ] ci-info: +++++++++++++++++++++++++++Route IPv4 info++++++++++++++++++++++++++++Started Daily Cleanup of Temporary Directories.

[[0;32m  OK  [0m] Reached target Cloud-config availability.
[[0;32m  OK  [0m] Reached target Network is Online.
[   24.428886] cloud-init[944]: ci-info: +-------+-------------+----------+---------------+-----------+-------+
[   24.700752] [cloud-init[0;32m  OK  [0m[944]: ] ci-info: | Route | Destination | Gateway  |    Genmask    | Interface | Flags |Started Daily apt download activities.

[   24.860758] [cloud-init[0;32m  OK  [0m[944]: ] ci-info: +-------+-------------+----------+---------------+-----------+-------+Started Daily apt upgrade and clean activities.

[   24.861243] [cloud-init[0;32m  OK  [0m[944]: ] ci-info: |   0   |   0.0.0.0   | 10.0.2.2 |    0.0.0.0    |   enp0s3  |   UG  |Reached target Timers.

[   25.212781]          cloud-initStarting iSCSI initiator daemon (iscsid)...[944]: 
ci-info: |   1   |   10.0.2.0  | 0.0.0.0  | 255.255.255.0 |   enp0s3  |   U   |
[   25.388787] [cloud-init[0;32m  OK  [0m[944]: ] ci-info: +-------+-------------+----------+---------------+-----------+-------+Listening on Socket activation for snappy daemon.

[[0;32m  OK  [0m] Listening on LXD - unix socket.
[   25.389426] cloud-init[944]: Generating public/private rsa key pair.
[   25.524359] [cloud-init[0;32m  OK  [0m[944]: ] Started iSCSI initiator daemon (iscsid).
Your identification has been saved in /etc/ssh/ssh_host_rsa_key.
[   25.641591]          cloud-initStarting Login to default iSCSI targets...[944]: 
Your public key has been saved in /etc/ssh/ssh_host_rsa_key.pub.
[   25.797037] [cloud-init[0;32m  OK  [0m[944]: ] The key fingerprint is:Reached target Sockets.

[[0;32m  OK  [0m] Reached target Basic System.
[   25.797512] cloud-init[944]: SHA256:gFtW3KSqX+DGZJGdeDlb3G5SNZiotkNWeRnoE+y84kw root@ubuntu-xenial
[   26.036454] [cloud-init[0;32m  OK  [0m[944]: ] The key's randomart image is:Started ACPI event daemon.

[   26.036969] cloud-init[944]: +---[RSA 2048]----+
[   26.102543]          cloud-initStarting LSB: Record successful boot for GRUB...[944]: 
|       ..+.+.=o  |
         Starting LXD - container startup/shutdown...
[   26.139894] cloud-init[944]: |     . =.=O.=. . |
[   26.165498]          cloud-initStarting /etc/rc.local Compatibility...[944]: 
|    . B B*ooo    |
[   26.167946]          cloud-initStarting Login Service...[944]: 
|     + ==+=o     |
[   26.194177] [cloud-init[0;32m  OK  [0m[944]: ] |    . =+S..oo    |Started Deferred execution scheduler.

[   26.232224]          cloud-initStarting Accounts Service...[944]: 
|     * .E .o     |
[   26.232775] cloud-init[944]: |    . ++.o       |
[   26.320247]          cloud-initStarting Pollinate to seed the pseudo random number generator...[944]: 
|     o .o        |
[   26.325369] [cloud-init[0;32m  OK  [0m[944]: ] |      .          |Started FUSE filesystem for LXC.

[   26.325751] cloud-init[944]: +----[SHA256]-----+
         Starting LSB: MD monitoring daemon...
[   26.360391] cloud-init[944]: Generating public/private dsa key pair.
[   26.401380] [cloud-init[0;32m  OK  [0m[944]: ] Your identification has been saved in /etc/ssh/ssh_host_dsa_key.Started Regular background program processing daemon.

[   26.401717] cloud-init[944]: Your public key has been saved in /etc/ssh/ssh_host_dsa_key.pub.
[   26.438518]          cloud-initStarting System Logging Service...[944]: 
The key fingerprint is:
[   26.480362] cloud-init[944]: SHA256:+BVwGq4RthT7ZccvFszDIEVxPJDDi7eVMuPWLLQqUvY root@ubuntu-xenial         
Starting Apply the settings specified in cloud-config...
[   26.480930] cloud-init[944]: The key's randomart image is:
[   26.652333] [cloud-init[0;32m  OK  [0m[944]: ] +---[DSA 1024]----+Started D-Bus System Message Bus.

[   26.652820] cloud-init[944]: |      =.++B=.    |
[   26.691747] cloud-init[944]: |     o = *+Bo    |
[   26.698161] [cloud-init[0;32m  OK  [0m[944]: ] |      + o.+oOo   |Started Unattended Upgrades Shutdown.

[   26.698647] cloud-init[944]: |       =.oBoo+   |
[   26.816422]          cloud-initStarting Snappy daemon...[944]: 
|      o S+.Xo .  |
[   26.852486] [cloud-init[0;32m  OK  [0m[944]: ] |      o. .*.o.   |Started System Logging Service.

[[0;32m  OK  [0m] Started Snappy daemon.
[   26.852872] cloud-init[944]: |     o ..o .     |
[   26.949262] [cloud-init[0;32m  OK  [0m[944]: ] |    . . E        |Started LXD - container startup/shutdown.

[   26.949771] cloud-init[944]: |     . .         |
[   27.013980] [cloud-init[0;32m  OK  [0m[944]: ] +----[SHA256]-----+Started /etc/rc.local Compatibility.

[   27.014344] cloud-init[944]: Generating public/private ecdsa key pair.
[[0;32m  OK  [0m] Started Pollinate to seed the pseudo random number generator.
[   27.055798] cloud-init[944]: Your identification has been saved in /etc/ssh/ssh_host_ecdsa_key.
[   27.111057] cloud-init[944]: Your public key has been saved in /etc/ssh/ssh_host_ecdsa_key.pub.
[   27.122701] cloud-init[944]: The key fingerprint is:
[   27.140309] cloud-init[944]: SHA256:DzEnD8IdEd8EATNZZ2RkgqFR9CFHglLhPol5J/AuiQ4 root@ubuntu-xenial
[   27.175448] cloud-init[944]: The key's randomart image is:
[   27.216916] cloud-init[944]: +---[ECDSA 256]---+
[   27.231091] cloud-init[944]: |     .+=&XO=O    |
[   27.243172] cloud-init[944]: |    .o.+oX X     |
[[0;32m  OK  [0m] Started LSB: Record successful boot for GRUB.
[[0;32m  OK  [0m] Started Login to default iSCSI targets.
[   27.258104] cloud-init[944]: |    ..= * + .    |
[   27.358950] cloud-init[944]: |     * o B       |
[   27.364554] cloud-init[944]: |    o B S .      |
[   27.375463] cloud-init[944]: |   . + + o       |
[[0;32m  OK  [0m] Started LSB: MD monitoring daemon.
[   27.386703] cloud-init[944]: |E . o .   .      |
[   27.424426] cloud-init[944]: | o   .           |
[   27.440713] cloud-init[944]: |  .              |
[   27.456528] cloud-init[944]: +----[SHA256]-----+
[   27.461940] cloud-init[944]: Generating public/private ed25519 key pair.
[[0;32m  OK  [0m] Started Login Service.
[   27.474830] cloud-init[944]: Your identification has been saved in /etc/ssh/ssh_host_ed25519_key.
         Starting Authenticate and Authorize Users to Run Privileged Tasks...
[[0;32m  OK  [0m] Reached target Remote File Systems (Pre).
[[0;32m  OK  [0m] Reached target Remote File Systems.
[   27.514636] cloud-init[944]: Your public key has been saved in /etc/ssh/ssh_host_ed25519_key.pub.
[   27.556713] cloud-init[944]: The key fingerprint is:
         Starting LSB: Set the CPU Frequency Scaling governor to "ondemand"...
[   27.574831] cloud-init[944]: SHA256:kGm/tPdfrPMCKkfuiD4dWi2gqgKEgOJFgDCLd4urZRQ root@ubuntu-xenial
[   27.616355] cloud-init[944]: The key's randomart image is:
[   27.618863] cloud-init[944]: +--[ED25519 256]--+
[   27.620308] cloud-init[944]: |*.o.             |
[   27.648368] cloud-init[944]: |*o .   o         |
         [   27.656500] cloud-init[944]: |B E . =          |
[   27.656650] cloud-init[944]: |.+ + o.o         |
[   27.656824] cloud-init[944]: |. o .. .S.       |
[   27.656935] cloud-init[944]: |.. ..  .+oo .  . |
[   27.657052] cloud-init[944]: |. +.   +o=.. .  o|
[   27.657165] cloud-init[944]: |.+.   o.oo+.  oo |
Starting Permit User Sessions...
[   27.657514] cloud-init[944]: |+.   .o..+. ..o+.|
[   27.689463] cloud-init[944]: +----[SHA256]-----+
         Starting LSB: automatic crash report generation...
         Starting LSB: VirtualBox Linux Additions...
         Starting LSB: daemon to balance interrupts for SMP systems...
         Starting OpenBSD Secure Shell server...
[[0;32m  OK  [0m] Started Permit User Sessions.
[[0;32m  OK  [0m] Started Authenticate and Authorize Users to Run Privileged Tasks.
[[0;32m  OK  [0m] Started OpenBSD Secure Shell server.
[[0;32m  OK  [0m] Started Accounts Service.
[   27.760651] cloud-init[1125]: Generating locales (this might take a while)...
[[0;32m  OK  [0m] Started LSB: Set the CPU Frequency Scaling governor to "ondemand".
[[0;32m  OK  [0m] Started LSB: automatic crash report generation.
         Starting Hold until boot process finishes up...
         Starting Terminate Plymouth Boot Screen...
[[0;32m  OK  [0m] Started LSB: daemon to balance interrupts for SMP systems.
[[0;32m  OK  [0m] Started Hold until boot process finishes up.
[[0;32m  OK  [0m] Started LSB: VirtualBox Linux Additions.
[[0;32m  OK  [0m] Started Terminate Plymouth Boot Screen.
[   27.914646] cloud-init[1125]:   en_US.UTF-8... done
[   27.928765] cloud-init[1125]: Generation complete.
[[0;32m  OK  [0m] Started Serial Getty on ttyS0.
[[0;32m  OK  [0m] Started Getty on tty1.
[[0;32m  OK  [0m] Reached target Login Prompts.
         Starting Set console scheme...
[[0;32m  OK  [0m] Reached target Multi-User System.
[[0;32m  OK  [0m] Reached target Graphical Interface.
         Starting Update UTMP about System Runlevel Changes...
[[0;32m  OK  [0m] Started Set console scheme.
[[0;32m  OK  [0m] Started Update UTMP about System Runlevel Changes.
         Stopping OpenBSD Secure Shell server...
[[0;32m  OK  [0m] Stopped OpenBSD Secure Shell server.
         Starting OpenBSD Secure Shell server...
[[0;32m  OK  [0m] Started OpenBSD Secure Shell server.
[[0;32m  OK  [0m] Created slice User Slice of ubuntu.
[   28.344068] cloud-init[1125]: Cloud-init v. 17.1 running 'modules:config' at Thu, 14 Dec 2017 09:12:42 +0000. Up 26.76 seconds.
         Starting User Manager for UID 1000...
[[0;32m  OK  [0m] Started User Manager for UID 1000.
[[0;32m  OK  [0m] Started Apply the settings specified in cloud-config.
[[0;32m  OK  [0m] Started Session 1 of user ubuntu.
         Starting Execute cloud user/final scripts...
ci-info: no authorized ssh keys fingerprints found for user ubuntu.
<14>Dec 14 09:12:45 ec2: 
<14>Dec 14 09:12:45 ec2: #############################################################
<14>Dec 14 09:12:45 ec2: -----BEGIN SSH HOST KEY FINGERPRINTS-----
<14>Dec 14 09:12:45 ec2: 1024 SHA256:+BVwGq4RthT7ZccvFszDIEVxPJDDi7eVMuPWLLQqUvY root@ubuntu-xenial (DSA)
<14>Dec 14 09:12:45 ec2: 256 SHA256:DzEnD8IdEd8EATNZZ2RkgqFR9CFHglLhPol5J/AuiQ4 root@ubuntu-xenial (ECDSA)
<14>Dec 14 09:12:45 ec2: 256 SHA256:kGm/tPdfrPMCKkfuiD4dWi2gqgKEgOJFgDCLd4urZRQ root@ubuntu-xenial (ED25519)
<14>Dec 14 09:12:45 ec2: 2048 SHA256:gFtW3KSqX+DGZJGdeDlb3G5SNZiotkNWeRnoE+y84kw root@ubuntu-xenial (RSA)
<14>Dec 14 09:12:45 ec2: -----END SSH HOST KEY FINGERPRINTS-----
<14>Dec 14 09:12:45 ec2: #############################################################
-----BEGIN SSH HOST KEY KEYS-----
ecdsa-sha2-nistp256 AAAAE2VjZHNhLXNoYTItbmlzdHAyNTYAAAAIbmlzdHAyNTYAAABBBN2QgkREhOfEq35EyljathltrU6lmwbYcux5sb7KMXC7kBhJEVzLWVO0h7oV/vnb3hkTsfl3A40PZraN8xNnjWk= root@ubuntu-xenial
ssh-ed25519 AAAAC3NzaC1lZDI1NTE5AAAAIFn3ID7Pis2B2BA9zISj+alpHHQ/mjGWLbFT1oKZT5N4 root@ubuntu-xenial
ssh-rsa AAAAB3NzaC1yc2EAAAADAQABAAABAQC/hDKMwUqsx13lj5PdAsIj6J0S7q1QyEfRYfbBmzw3pTM6gEauJijA9gWEHApDC8MzxkS9iyWdxM4ZBz3bMnbEDONuS8tBS5McVGAj3SHm/PcPuEVMWeDetY9x99H/XhIGHM4Lf+qnsnam0LUHYrWwqC+QSYwcCX0drGSI23Osege6iFWljXce7gBXPJ7lQpa3WAN129Yg7PGclmqr7d2d+NgAui0bbIuqPF/VUWDKX8Ef0krHrPMs5UsOFj0by4OdFdCmjxI9o8PCzZoxq6lYc6pAuvh+8EOQnFAk5sUT7rlIqKZMPSuFahIVwNIoNQ3tXLqW8ljEQ8Ux+8A67kBN root@ubuntu-xenial
-----END SSH HOST KEY KEYS-----
[   29.526789] cloud-init[1321]: Cloud-init v. 17.1 running 'modules:final' at Thu, 14 Dec 2017 09:12:45 +0000. Up 29.00 seconds.
[   29.539629] cloud-init[1321]: ci-info: no authorized ssh keys fingerprints found for user ubuntu.
[   29.543395] cloud-init[1321]: Cloud-init v. 17.1 finished at Thu, 14 Dec 2017 09:12:45 +0000. Datasource DataSourceNoCloud [seed=/dev/sdb][dsmode=net].  Up 29.52 seconds
[[0;32m  OK  [0m] Started Execute cloud user/final scripts.
[[0;32m  OK  [0m] Reached target Cloud-init target.

Ubuntu 16.04.3 LTS ubuntu-xenial ttyS0

ubuntu-xenial login: 